[0.453s] Invoking command in '/home/ziva/10x_assigment/ros2_ws/build/my_package': PYTHONPATH=/home/ziva/10x_assigment/ros2_ws/build/my_package/prefix_override:/usr/lib/python3/dist-packages/colcon_core/task/python/colcon_distutils_commands:/home/ziva/10x_assigment/ros2_ws/install/my_package/lib/python3.10/site-packages:${PYTHONPATH} /usr/bin/python3 -W ignore:setup.py install is deprecated -W ignore:easy_install command is deprecated setup.py develop --editable --build-directory /home/ziva/10x_assigment/ros2_ws/build/my_package/build --no-deps symlink_data
[0.644s] running develop
[0.772s] running egg_info
[0.772s] creating my_package.egg-info
[0.772s] writing my_package.egg-info/PKG-INFO
[0.772s] writing dependency_links to my_package.egg-info/dependency_links.txt
[0.772s] writing entry points to my_package.egg-info/entry_points.txt
[0.772s] writing requirements to my_package.egg-info/requires.txt
[0.772s] writing top-level names to my_package.egg-info/top_level.txt
[0.772s] writing manifest file 'my_package.egg-info/SOURCES.txt'
[0.773s] reading manifest file 'my_package.egg-info/SOURCES.txt'
[0.774s] writing manifest file 'my_package.egg-info/SOURCES.txt'
[0.814s] running build_ext
[0.814s] Creating /home/ziva/10x_assigment/ros2_ws/install/my_package/lib/python3.10/site-packages/my-package.egg-link (link to .)
[0.815s] Installing depth_debug script to /home/ziva/10x_assigment/ros2_ws/install/my_package/lib/my_package
[0.815s] Installing main_node script to /home/ziva/10x_assigment/ros2_ws/install/my_package/lib/my_package
[0.815s] 
[0.816s] Installed /home/ziva/10x_assigment/ros2_ws/build/my_package
[0.816s] running symlink_data
[0.816s] creating /home/ziva/10x_assigment/ros2_ws/install/my_package/share/ament_index
[0.816s] creating /home/ziva/10x_assigment/ros2_ws/install/my_package/share/ament_index/resource_index
[0.816s] creating /home/ziva/10x_assigment/ros2_ws/install/my_package/share/ament_index/resource_index/packages
[0.816s] symbolically linking /home/ziva/10x_assigment/ros2_ws/build/my_package/resource/my_package -> /home/ziva/10x_assigment/ros2_ws/install/my_package/share/ament_index/resource_index/packages
[0.816s] symbolically linking /home/ziva/10x_assigment/ros2_ws/build/my_package/package.xml -> /home/ziva/10x_assigment/ros2_ws/install/my_package/share/my_package
[0.846s] Invoked command in '/home/ziva/10x_assigment/ros2_ws/build/my_package' returned '0': PYTHONPATH=/home/ziva/10x_assigment/ros2_ws/build/my_package/prefix_override:/usr/lib/python3/dist-packages/colcon_core/task/python/colcon_distutils_commands:/home/ziva/10x_assigment/ros2_ws/install/my_package/lib/python3.10/site-packages:${PYTHONPATH} /usr/bin/python3 -W ignore:setup.py install is deprecated -W ignore:easy_install command is deprecated setup.py develop --editable --build-directory /home/ziva/10x_assigment/ros2_ws/build/my_package/build --no-deps symlink_data
